src/_R/2fa.service.ts(3,10): error TS2724: '"@/domain/types/session.types"' has no exported member named 'DeviceInfo'. Did you mean 'IDeviceInfo'?
src/_R/2fa.service.ts(6,42): error TS2307: Cannot find module '@/_R/session.repo' or its corresponding type declarations.
src/_R/2fa.service.ts(8,46): error TS2307: Cannot find module '@/_R/user.types' or its corresponding type declarations.
src/_R/2fa.service.ts(11,25): error TS2307: Cannot find module '@/shared/lib/jwt.lib' or its corresponding type declarations.
src/_R/2fa.service.ts(20,38): error TS2339: Property 'findById' does not exist on type 'UserRepo'.
src/_R/2fa.service.ts(35,38): error TS2339: Property 'findById' does not exist on type 'UserRepo'.
src/_R/2fa.service.ts(53,38): error TS2339: Property 'findById' does not exist on type 'UserRepo'.
src/_R/2fa.service.ts(63,38): error TS2339: Property 'findById' does not exist on type 'UserRepo'.
src/_R/2fa.service.ts(79,38): error TS2339: Property 'findById' does not exist on type 'UserRepo'.
src/_R/2fa.service.ts(124,38): error TS2339: Property 'findById' does not exist on type 'UserRepo'.
src/_R/auth.controller.ts(17,39): error TS2339: Property 'login' does not exist on type 'AuthService'.
src/_R/auth.routes.ts(10,8): error TS2307: Cannot find module '@/_R/auth.schema' or its corresponding type declarations.
src/_R/auth.service.ts(2,25): error TS2307: Cannot find module '@/shared/lib/jwt.lib' or its corresponding type declarations.
src/_R/auth.service.ts(4,10): error TS2724: '"@/domain/types/session.types"' has no exported member named 'DeviceInfo'. Did you mean 'IDeviceInfo'?
src/_R/auth.service.ts(11,8): error TS2307: Cannot find module '@/_R/user.types' or its corresponding type declarations.
src/_R/auth.service.ts(13,42): error TS2307: Cannot find module '@/_R/session.repo' or its corresponding type declarations.
src/_R/auth.service.ts(15,46): error TS2307: Cannot find module './notify.service' or its corresponding type declarations.
src/_R/auth.service.ts(27,38): error TS2339: Property 'findById' does not exist on type 'UserRepo'.
src/_R/auth.service.ts(36,38): error TS2339: Property 'findById' does not exist on type 'UserRepo'.
src/_R/auth.service.ts(44,38): error TS2339: Property 'findById' does not exist on type 'UserRepo'.
src/_R/employee.ts(5,8): error TS2307: Cannot find module '@/_R/user.types' or its corresponding type declarations.
src/_R/order.controller.ts(15,7): error TS2741: Property 'results' is missing in type '{ total: number; page: any; limit: any; pages: number; }' but required in type '{ page: number; limit: number; total: number; pages: number; results: number; }'.
src/_R/order.controller.ts(22,45): error TS2345: Argument of type 'string | string[] | undefined' is not assignable to parameter of type 'string'.
  Type 'undefined' is not assignable to type 'string'.
src/_R/order.controller.ts(45,7): error TS2345: Argument of type 'string | string[] | undefined' is not assignable to parameter of type 'string'.
  Type 'undefined' is not assignable to type 'string'.
src/_R/order.controller.ts(57,7): error TS2345: Argument of type 'string | string[] | undefined' is not assignable to parameter of type 'string'.
  Type 'undefined' is not assignable to type 'string'.
src/_R/order.repo.ts(4,10): error TS2305: Module '"@/_R/global.dto"' has no exported member 'QueryParams'.
src/_R/order.repo.ts(11,9): error TS2416: Property 'findAllWithFeatures' in type 'OrderRepo' is not assignable to the same property in base type 'AbstractRepo<OrderDto>'.
  Type '(params: QueryParams) => Promise<{ data: (Document<unknown, {}, OrderDto, {}, DefaultSchemaOptions> & OrderDto & { _id: ObjectId; } & { ...; })[]; meta: { ...; }; }>' is not assignable to type '(queryString: { page: number; limit: number; search: string; sort: string; sortOrder: "asc" | "desc"; skip: number; fields: string; }, searchFields?: string[]) => Promise<APIFeaturesResultDto<OrderDto>>'.
    Type 'Promise<{ data: (Document<unknown, {}, OrderDto, {}, DefaultSchemaOptions> & OrderDto & { _id: ObjectId; } & { __v: number; })[]; meta: { ...; }; }>' is not assignable to type 'Promise<APIFeaturesResultDto<OrderDto>>'.
      Type '{ data: (Document<unknown, {}, OrderDto, {}, DefaultSchemaOptions> & OrderDto & { _id: Types.ObjectId; } & { ...; })[]; meta: { ...; }; }' is not assignable to type 'APIFeaturesResultDto<OrderDto>'.
        Types of property 'meta' are incompatible.
          Property 'results' is missing in type '{ total: number; page: any; limit: any; pages: number; }' but required in type '{ page: number; limit: number; total: number; pages: number; results: number; }'.
src/_R/order.service.ts(3,10): error TS2305: Module '"@/_R/global.dto"' has no exported member 'QueryParams'.
src/_R/order.service.ts(18,22): error TS2445: Property 'model' is protected and only accessible within class 'AbstractRepo<T>' and its subclasses.
src/_R/passwords.service.ts(3,25): error TS2307: Cannot find module '@/shared/lib/jwt.lib' or its corresponding type declarations.
src/_R/passwords.service.ts(4,42): error TS2307: Cannot find module '@/_R/session.repo' or its corresponding type declarations.
src/_R/passwords.service.ts(18,38): error TS2339: Property 'findById' does not exist on type 'UserRepo'.
src/_R/passwords.service.ts(28,38): error TS2339: Property 'findByEmail' does not exist on type 'UserRepo'.
src/_R/passwords.service.ts(66,34): error TS2339: Property 'findById' does not exist on type 'UserRepo'.
src/_R/passwords.service.ts(69,34): error TS2339: Property 'findByEmail' does not exist on type 'UserRepo'.
src/_R/person.abstract.ts(1,60): error TS2307: Cannot find module '@/_R/user.types' or its corresponding type declarations.
src/_R/profile.routes.ts(5,50): error TS2307: Cannot find module '@/presentation/user.schema' or its corresponding type declarations.
src/_R/profile.service.ts(2,30): error TS2307: Cannot find module '@/_R/user.types' or its corresponding type declarations.
src/_R/profile.service.ts(9,38): error TS2339: Property 'findById' does not exist on type 'UserRepo'.
src/_R/profile.service.ts(15,38): error TS2339: Property 'findById' does not exist on type 'UserRepo'.
src/_R/profile.service.ts(25,38): error TS2339: Property 'findById' does not exist on type 'UserRepo'.
src/_R/profile.service.ts(34,38): error TS2339: Property 'findById' does not exist on type 'UserRepo'.
src/_R/profile.service.ts(38,38): error TS2339: Property 'softDelete' does not exist on type 'UserRepo'.
src/_R/user.repo.ts(1,29): error TS2307: Cannot find module '@/models/person/person.model' or its corresponding type declarations.
src/_R/user.repo.ts(4,32): error TS2307: Cannot find module '@/_R/user.types' or its corresponding type declarations.
src/_R/user.ts(1,25): error TS2307: Cannot find module '@/_R/user.types' or its corresponding type declarations.
src/application/use-cases/auth/loginUser.ts(90,9): error TS2353: Object literal may only specify known properties, and 'image' does not exist in type '{ username: string; email: string; role: string; }'.
src/application/use-cases/auth/loginUser.ts(152,42): error TS2345: Argument of type 'Partial<IPerson>' is not assignable to parameter of type 'Partial<User>'.
  Types of property 'image' are incompatible.
    Type '{ url: string | null; publicId: string | null; } | undefined' is not assignable to type '{ url: string; publicId: string; } | undefined'.
      Type '{ url: string | null; publicId: string | null; }' is not assignable to type '{ url: string; publicId: string; }'.
        Types of property 'url' are incompatible.
          Type 'string | null' is not assignable to type 'string'.
            Type 'null' is not assignable to type 'string'.
src/application/use-cases/auth/registerUser.ts(40,9): error TS2353: Object literal may only specify known properties, and 'image' does not exist in type '{ username: string; email: string; role: string; }'.
src/application/use-cases/products/createProduct.ts(19,33): error TS2345: Argument of type '{ name: string; description: string; price: number; stock: number; sold: number; category: string; brand: string; status: "active" | "inactive" | "draft" | "archived"; images?: { url: string; publicId: string; }[] | undefined; discount?: number | undefined; colors?: string[] | undefined; subcategory?: string[] | und...' is not assignable to parameter of type 'Partial<Product>'.
  Types of property 'category' are incompatible.
    Type 'string' is not assignable to type '(string | ObjectId)[]'.
src/application/use-cases/products/updateProduct.ts(24,55): error TS2345: Argument of type '{ name?: string | undefined; status?: "active" | "inactive" | "draft" | "archived" | undefined; description?: string | undefined; images?: { url: string; publicId: string; }[] | undefined; ... 7 more ...; brand?: string | undefined; }' is not assignable to parameter of type 'Partial<Product>'.
  Types of property 'category' are incompatible.
    Type 'string | undefined' is not assignable to type '(string | ObjectId)[] | undefined'.
      Type 'string' is not assignable to type '(string | ObjectId)[]'.
src/infrastructure/container/coupon.container.ts(16,36): error TS2554: Expected 2 arguments, but got 1.
src/infrastructure/container/coupon.container.ts(19,36): error TS2554: Expected 2 arguments, but got 1.
src/infrastructure/container/coupon.container.ts(20,36): error TS2554: Expected 2 arguments, but got 1.
src/infrastructure/container/coupon.container.ts(23,41): error TS2554: Expected 2 arguments, but got 1.
src/infrastructure/database/employee.model.ts(32,14): error TS2345: Argument of type 'Schema<IEmployee, Model<IEmployee, any, any, any, (Document<unknown, any, IEmployee, any, DefaultSchemaOptions> & IEmployee & { ...; } & { ...; } & { ...; }) | (Document<...> & ... 2 more ... & { ...; }), any, IEmployee>, ... 8 more ..., IEmployee>' is not assignable to parameter of type 'Schema<{ slug: string; }, Model<{ slug: string; }, any, any, any, (Document<unknown, any, { slug: string; }, any, DefaultSchemaOptions> & { slug: string; } & { _id: ObjectId; } & { ...; } & { ...; }) | (Document<...> & ... 2 more ... & { ...; }), any, { ...; }>, ... 8 more ..., { ...; }>'.
  The types of 'obj.slug' are incompatible between these types.
    Type 'SchemaDefinitionProperty<string | undefined, IEmployee, Document<unknown, {}, IEmployee, {}, DefaultSchemaOptions> & IEmployee & { ...; } & { ...; } & { ...; }> | undefined' is not assignable to type 'SchemaDefinitionProperty<string, { slug: string; }, Document<unknown, {}, { slug: string; }, {}, DefaultSchemaOptions> & { slug: string; } & { _id: ObjectId; } & { __v: number; } & { ...; }> | undefined'.
      Type 'SchemaTypeOptions<any, IEmployee, Document<unknown, {}, IEmployee, {}, DefaultSchemaOptions> & IEmployee & { _id: ObjectId; } & { ...; } & { ...; }>' is not assignable to type 'SchemaDefinitionProperty<string, { slug: string; }, Document<unknown, {}, { slug: string; }, {}, DefaultSchemaOptions> & { slug: string; } & { _id: ObjectId; } & { __v: number; } & { ...; }> | undefined'.
        Type 'SchemaTypeOptions<any, IEmployee, Document<unknown, {}, IEmployee, {}, DefaultSchemaOptions> & IEmployee & { _id: ObjectId; } & { ...; } & { ...; }>' is not assignable to type 'Function[] | typeof SchemaType | Schema<any, any, any, {}, {}, {}, DefaultSchemaOptions, { [x: number]: unknown; [x: symbol]: unknown; [x: string]: unknown; }, (Document<unknown, {}, { ...; }, { ...; }, DefaultSchemaOptions> & { ...; } & Required<...> & { ...; } & { ...; }) | (Document<...> & ... 2 more ... & { ...;...'.
          Type 'SchemaTypeOptions<any, IEmployee, Document<unknown, {}, IEmployee, {}, DefaultSchemaOptions> & IEmployee & { _id: ObjectId; } & { ...; } & { ...; }>' is not assignable to type 'SchemaTypeOptions<string, { slug: string; }, Document<unknown, {}, { slug: string; }, {}, DefaultSchemaOptions> & { slug: string; } & { _id: ObjectId; } & { __v: number; } & { ...; }>'.
            Types of property 'validate' are incompatible.
              Type 'SchemaValidator<any, Document<unknown, {}, IEmployee, {}, DefaultSchemaOptions> & IEmployee & { _id: ObjectId; } & { __v: number; } & { ...; }> | AnyArray<...> | undefined' is not assignable to type 'SchemaValidator<string, Document<unknown, {}, { slug: string; }, {}, DefaultSchemaOptions> & { slug: string; } & { _id: ObjectId; } & { __v: number; } & { id: string; }> | AnyArray<...> | undefined'.
                Type 'ValidateOpts<any, Document<unknown, {}, IEmployee, {}, DefaultSchemaOptions> & IEmployee & { _id: ObjectId; } & { __v: number; } & { ...; }>' is not assignable to type 'SchemaValidator<string, Document<unknown, {}, { slug: string; }, {}, DefaultSchemaOptions> & { slug: string; } & { _id: ObjectId; } & { __v: number; } & { id: string; }> | AnyArray<...> | undefined'.
                  Type 'ValidateOpts<any, Document<unknown, {}, IEmployee, {}, DefaultSchemaOptions> & IEmployee & { _id: ObjectId; } & { __v: number; } & { ...; }>' is not assignable to type 'ValidateOpts<string, Document<unknown, {}, { slug: string; }, {}, DefaultSchemaOptions> & { slug: string; } & { _id: ObjectId; } & { __v: number; } & { id: string; }>'.
                    Types of property 'validator' are incompatible.
                      Type 'ValidateFn<any, Document<unknown, {}, IEmployee, {}, DefaultSchemaOptions> & IEmployee & { _id: ObjectId; } & { __v: number; } & { ...; }> | AsyncValidateFn<...>' is not assignable to type 'ValidateFn<string, Document<unknown, {}, { slug: string; }, {}, DefaultSchemaOptions> & { slug: string; } & { _id: ObjectId; } & { __v: number; } & { id: string; }> | AsyncValidateFn<...>'.
                        Type 'ValidateFn<any, Document<unknown, {}, IEmployee, {}, DefaultSchemaOptions> & IEmployee & { _id: ObjectId; } & { __v: number; } & { ...; }>' is not assignable to type 'ValidateFn<string, Document<unknown, {}, { slug: string; }, {}, DefaultSchemaOptions> & { slug: string; } & { _id: ObjectId; } & { __v: number; } & { id: string; }> | AsyncValidateFn<...>'.
                          Type 'ValidateFn<any, Document<unknown, {}, IEmployee, {}, DefaultSchemaOptions> & IEmployee & { _id: ObjectId; } & { __v: number; } & { ...; }>' is not assignable to type 'ValidateFn<string, Document<unknown, {}, { slug: string; }, {}, DefaultSchemaOptions> & { slug: string; } & { _id: ObjectId; } & { __v: number; } & { id: string; }>'.
                            The 'this' types of each signature are incompatible.
                              Type '(Document<unknown, {}, { slug: string; }, {}, DefaultSchemaOptions> & { slug: string; } & { _id: ObjectId; } & { __v: number; } & { id: string; }) | Query<...>' is not assignable to type '(Document<unknown, {}, IEmployee, {}, DefaultSchemaOptions> & IEmployee & { _id: ObjectId; } & { __v: number; } & { ...; }) | Query<...>'.
                                Type 'Document<unknown, {}, { slug: string; }, {}, DefaultSchemaOptions> & { slug: string; } & { _id: ObjectId; } & { __v: number; } & { id: string; }' is not assignable to type '(Document<unknown, {}, IEmployee, {}, DefaultSchemaOptions> & IEmployee & { _id: ObjectId; } & { __v: number; } & { ...; }) | Query<...>'.
                                  Type 'Document<unknown, {}, { slug: string; }, {}, DefaultSchemaOptions> & { slug: string; } & { _id: ObjectId; } & { __v: number; } & { id: string; }' is not assignable to type 'Document<unknown, {}, IEmployee, {}, DefaultSchemaOptions> & IEmployee & { _id: ObjectId; } & { __v: number; } & { id: string; }'.
                                    Type 'Document<unknown, {}, { slug: string; }, {}, DefaultSchemaOptions> & { slug: string; } & { _id: ObjectId; } & { __v: number; } & { id: string; }' is not assignable to type 'Document<unknown, {}, IEmployee, {}, DefaultSchemaOptions>'.
                                      The types returned by 'deleteOne(...).$where(...).cursor(...)' are incompatible between these types.
                                        Type 'Cursor<Document<unknown, {}, { slug: string; }, {}, DefaultSchemaOptions> & { slug: string; } & { _id: ObjectId; } & { __v: number; } & { id: string; }, QueryOptions<...>, (Document<...> & ... 3 more ... & { ...; }) | null>' is not assignable to type 'Cursor<Document<unknown, {}, IEmployee, {}, DefaultSchemaOptions>, QueryOptions<IEmployee>, Document<unknown, {}, IEmployee, {}, DefaultSchemaOptions> | null>'.
                                          Type '(Document<unknown, {}, { slug: string; }, {}, DefaultSchemaOptions> & { slug: string; } & { _id: ObjectId; } & { __v: number; } & { id: string; }) | null' is not assignable to type 'Document<unknown, {}, IEmployee, {}, DefaultSchemaOptions> | null'.
                                            Type 'Document<unknown, {}, { slug: string; }, {}, DefaultSchemaOptions> & { slug: string; } & { _id: ObjectId; } & { __v: number; } & { id: string; }' is not assignable to type 'Document<unknown, {}, IEmployee, {}, DefaultSchemaOptions> | null'.
src/infrastructure/database/person.model.ts(39,14): error TS2345: Argument of type 'Schema<IPerson, Model<IPerson, any, any, any, (Document<unknown, any, IPerson, any, DefaultSchemaOptions> & IPerson & { ...; } & { ...; } & { ...; }) | (Document<...> & ... 2 more ... & { ...; }), any, IPerson>, ... 8 more ..., IPerson>' is not assignable to parameter of type 'Schema<{ slug: string; }, Model<{ slug: string; }, any, any, any, (Document<unknown, any, { slug: string; }, any, DefaultSchemaOptions> & { slug: string; } & { _id: ObjectId; } & { ...; } & { ...; }) | (Document<...> & ... 2 more ... & { ...; }), any, { ...; }>, ... 8 more ..., { ...; }>'.
  The types of 'obj.slug' are incompatible between these types.
    Type 'SchemaDefinitionProperty<string | undefined, IPerson, Document<unknown, {}, IPerson, {}, DefaultSchemaOptions> & IPerson & { _id: ObjectId; } & { ...; } & { ...; }> | undefined' is not assignable to type 'SchemaDefinitionProperty<string, { slug: string; }, Document<unknown, {}, { slug: string; }, {}, DefaultSchemaOptions> & { slug: string; } & { _id: ObjectId; } & { __v: number; } & { ...; }> | undefined'.
      Type 'SchemaTypeOptions<any, IPerson, Document<unknown, {}, IPerson, {}, DefaultSchemaOptions> & IPerson & { _id: ObjectId; } & { ...; } & { ...; }>' is not assignable to type 'SchemaDefinitionProperty<string, { slug: string; }, Document<unknown, {}, { slug: string; }, {}, DefaultSchemaOptions> & { slug: string; } & { _id: ObjectId; } & { __v: number; } & { ...; }> | undefined'.
        Type 'SchemaTypeOptions<any, IPerson, Document<unknown, {}, IPerson, {}, DefaultSchemaOptions> & IPerson & { _id: ObjectId; } & { ...; } & { ...; }>' is not assignable to type 'Function[] | typeof SchemaType | Schema<any, any, any, {}, {}, {}, DefaultSchemaOptions, { [x: number]: unknown; [x: symbol]: unknown; [x: string]: unknown; }, (Document<unknown, {}, { ...; }, { ...; }, DefaultSchemaOptions> & { ...; } & Required<...> & { ...; } & { ...; }) | (Document<...> & ... 2 more ... & { ...;...'.
          Type 'SchemaTypeOptions<any, IPerson, Document<unknown, {}, IPerson, {}, DefaultSchemaOptions> & IPerson & { _id: ObjectId; } & { ...; } & { ...; }>' is not assignable to type 'SchemaTypeOptions<string, { slug: string; }, Document<unknown, {}, { slug: string; }, {}, DefaultSchemaOptions> & { slug: string; } & { _id: ObjectId; } & { __v: number; } & { ...; }>'.
            Types of property 'validate' are incompatible.
              Type 'SchemaValidator<any, Document<unknown, {}, IPerson, {}, DefaultSchemaOptions> & IPerson & { _id: ObjectId; } & { __v: number; } & { ...; }> | AnyArray<...> | undefined' is not assignable to type 'SchemaValidator<string, Document<unknown, {}, { slug: string; }, {}, DefaultSchemaOptions> & { slug: string; } & { _id: ObjectId; } & { __v: number; } & { id: string; }> | AnyArray<...> | undefined'.
                Type 'ValidateOpts<any, Document<unknown, {}, IPerson, {}, DefaultSchemaOptions> & IPerson & { _id: ObjectId; } & { __v: number; } & { id: string; }>' is not assignable to type 'SchemaValidator<string, Document<unknown, {}, { slug: string; }, {}, DefaultSchemaOptions> & { slug: string; } & { _id: ObjectId; } & { __v: number; } & { id: string; }> | AnyArray<...> | undefined'.
                  Type 'ValidateOpts<any, Document<unknown, {}, IPerson, {}, DefaultSchemaOptions> & IPerson & { _id: ObjectId; } & { __v: number; } & { id: string; }>' is not assignable to type 'ValidateOpts<string, Document<unknown, {}, { slug: string; }, {}, DefaultSchemaOptions> & { slug: string; } & { _id: ObjectId; } & { __v: number; } & { id: string; }>'.
                    Types of property 'validator' are incompatible.
                      Type 'ValidateFn<any, Document<unknown, {}, IPerson, {}, DefaultSchemaOptions> & IPerson & { _id: ObjectId; } & { __v: number; } & { ...; }> | AsyncValidateFn<...>' is not assignable to type 'ValidateFn<string, Document<unknown, {}, { slug: string; }, {}, DefaultSchemaOptions> & { slug: string; } & { _id: ObjectId; } & { __v: number; } & { id: string; }> | AsyncValidateFn<...>'.
                        Type 'ValidateFn<any, Document<unknown, {}, IPerson, {}, DefaultSchemaOptions> & IPerson & { _id: ObjectId; } & { __v: number; } & { id: string; }>' is not assignable to type 'ValidateFn<string, Document<unknown, {}, { slug: string; }, {}, DefaultSchemaOptions> & { slug: string; } & { _id: ObjectId; } & { __v: number; } & { id: string; }> | AsyncValidateFn<...>'.
                          Type 'ValidateFn<any, Document<unknown, {}, IPerson, {}, DefaultSchemaOptions> & IPerson & { _id: ObjectId; } & { __v: number; } & { id: string; }>' is not assignable to type 'ValidateFn<string, Document<unknown, {}, { slug: string; }, {}, DefaultSchemaOptions> & { slug: string; } & { _id: ObjectId; } & { __v: number; } & { id: string; }>'.
                            The 'this' types of each signature are incompatible.
                              Type '(Document<unknown, {}, { slug: string; }, {}, DefaultSchemaOptions> & { slug: string; } & { _id: ObjectId; } & { __v: number; } & { id: string; }) | Query<...>' is not assignable to type '(Document<unknown, {}, IPerson, {}, DefaultSchemaOptions> & IPerson & { _id: ObjectId; } & { __v: number; } & { id: string; }) | Query<...>'.
                                Type 'Document<unknown, {}, { slug: string; }, {}, DefaultSchemaOptions> & { slug: string; } & { _id: ObjectId; } & { __v: number; } & { id: string; }' is not assignable to type '(Document<unknown, {}, IPerson, {}, DefaultSchemaOptions> & IPerson & { _id: ObjectId; } & { __v: number; } & { id: string; }) | Query<...>'.
                                  Type 'Document<unknown, {}, { slug: string; }, {}, DefaultSchemaOptions> & { slug: string; } & { _id: ObjectId; } & { __v: number; } & { id: string; }' is not assignable to type 'Document<unknown, {}, IPerson, {}, DefaultSchemaOptions> & IPerson & { _id: ObjectId; } & { __v: number; } & { id: string; }'.
                                    Type 'Document<unknown, {}, { slug: string; }, {}, DefaultSchemaOptions> & { slug: string; } & { _id: ObjectId; } & { __v: number; } & { id: string; }' is not assignable to type 'Document<unknown, {}, IPerson, {}, DefaultSchemaOptions>'.
                                      The types returned by 'deleteOne(...).$where(...).cursor(...)' are incompatible between these types.
                                        Type 'Cursor<Document<unknown, {}, { slug: string; }, {}, DefaultSchemaOptions> & { slug: string; } & { _id: ObjectId; } & { __v: number; } & { id: string; }, QueryOptions<...>, (Document<...> & ... 3 more ... & { ...; }) | null>' is not assignable to type 'Cursor<Document<unknown, {}, IPerson, {}, DefaultSchemaOptions>, QueryOptions<IPerson>, Document<unknown, {}, IPerson, {}, DefaultSchemaOptions> | null>'.
                                          Type '(Document<unknown, {}, { slug: string; }, {}, DefaultSchemaOptions> & { slug: string; } & { _id: ObjectId; } & { __v: number; } & { id: string; }) | null' is not assignable to type 'Document<unknown, {}, IPerson, {}, DefaultSchemaOptions> | null'.
                                            Type 'Document<unknown, {}, { slug: string; }, {}, DefaultSchemaOptions> & { slug: string; } & { _id: ObjectId; } & { __v: number; } & { id: string; }' is not assignable to type 'Document<unknown, {}, IPerson, {}, DefaultSchemaOptions> | null'.
src/infrastructure/repo/ProductRepoImpl.ts(40,27): error TS2339: Property 'createdBy' does not exist on type '{ name: string; status: "active" | "inactive" | "draft" | "archived"; description?: string | undefined; images?: { url: string; publicId: string; }[] | undefined; id?: string | undefined; ... 15 more ...; updatedAt?: Date | undefined; }'.
src/presentation/controllers/auth/auth.controller.ts(49,34): error TS2339: Property 'user' does not exist on type 'LoginResponse'.
  Property 'user' does not exist on type '{ status: "2FA_REQUIRED"; loginToken: string; }'.
src/presentation/controllers/category.controller.ts(34,67): error TS2345: Argument of type 'IUser | undefined' is not assignable to parameter of type 'IUser'.
  Type 'undefined' is not assignable to type 'IPerson'.
src/presentation/controllers/category.controller.ts(66,71): error TS2345: Argument of type 'IUser | undefined' is not assignable to parameter of type 'IUser'.
  Type 'undefined' is not assignable to type 'IPerson'.
src/presentation/controllers/category.controller.ts(77,69): error TS2345: Argument of type 'IUser | undefined' is not assignable to parameter of type 'IUser'.
  Type 'undefined' is not assignable to type 'IPerson'.
src/presentation/controllers/category.controller.ts(88,66): error TS2345: Argument of type 'IUser | undefined' is not assignable to parameter of type 'IUser'.
  Type 'undefined' is not assignable to type 'IPerson'.
src/presentation/controllers/coupon.controller.ts(31,69): error TS2345: Argument of type 'IUser | undefined' is not assignable to parameter of type 'IUser'.
  Type 'undefined' is not assignable to type 'IPerson'.
src/presentation/controllers/coupon.controller.ts(66,7): error TS2345: Argument of type 'IUser | undefined' is not assignable to parameter of type 'IUser'.
  Type 'undefined' is not assignable to type 'IPerson'.
src/presentation/controllers/coupon.controller.ts(78,48): error TS2345: Argument of type 'IUser | undefined' is not assignable to parameter of type 'IUser'.
  Type 'undefined' is not assignable to type 'IPerson'.
src/presentation/controllers/coupon.controller.ts(89,54): error TS2345: Argument of type 'IUser | undefined' is not assignable to parameter of type 'IUser'.
  Type 'undefined' is not assignable to type 'IPerson'.
src/presentation/controllers/employee.controller.ts(21,8): error TS2307: Cannot find module '@/application/dtos/employee.dto' or its corresponding type declarations.
src/presentation/controllers/product.controller.ts(58,66): error TS2345: Argument of type 'IUser | undefined' is not assignable to parameter of type 'IUser'.
  Type 'undefined' is not assignable to type 'IPerson'.
src/presentation/controllers/product.controller.ts(90,70): error TS2345: Argument of type 'IUser | undefined' is not assignable to parameter of type 'IUser'.
  Type 'undefined' is not assignable to type 'IPerson'.
src/presentation/controllers/product.controller.ts(102,68): error TS2345: Argument of type 'IUser | undefined' is not assignable to parameter of type 'IUser'.
  Type 'undefined' is not assignable to type 'IPerson'.
src/presentation/controllers/product.controller.ts(114,65): error TS2345: Argument of type 'IUser | undefined' is not assignable to parameter of type 'IUser'.
  Type 'undefined' is not assignable to type 'IPerson'.
src/presentation/controllers/product.controller.ts(202,7): error TS2345: Argument of type 'IUser | undefined' is not assignable to parameter of type 'IUser'.
  Type 'undefined' is not assignable to type 'IPerson'.
src/presentation/controllers/subcategory.controller.ts(34,70): error TS2345: Argument of type 'IUser | undefined' is not assignable to parameter of type 'IUser'.
  Type 'undefined' is not assignable to type 'IPerson'.
src/presentation/controllers/subcategory.controller.ts(69,7): error TS2345: Argument of type 'IUser | undefined' is not assignable to parameter of type 'IUser'.
  Type 'undefined' is not assignable to type 'IPerson'.
src/presentation/controllers/subcategory.controller.ts(83,7): error TS2345: Argument of type 'IUser | undefined' is not assignable to parameter of type 'IUser'.
  Type 'undefined' is not assignable to type 'IPerson'.
src/presentation/controllers/subcategory.controller.ts(95,69): error TS2345: Argument of type 'IUser | undefined' is not assignable to parameter of type 'IUser'.
  Type 'undefined' is not assignable to type 'IPerson'.
src/shared/lib/user-agent.ts(1,10): error TS2724: '"@/domain/types/session.types"' has no exported member named 'DeviceInfo'. Did you mean 'IDeviceInfo'?
